Traceback (most recent call last):
  File "C:\Users\ThinkPad\AppData\Local\Temp\opencode\ph_e2e_conn.py", line 102, in <module>
    player.goto(BASE, wait_until="load")
    ~~~~~~~~~~~^^^^^^^^^^^^^^^^^^^^^^^^^
  File "C:\Users\ThinkPad\AppData\Local\Temp\opencode\pwenv\Lib\site-packages\playwright\sync_api\_generated.py", line 9875, in goto
    self._sync(
    ~~~~~~~~~~^
        self._impl_obj.goto(
        ^^^^^^^^^^^^^^^^^^^^
    ...<4 lines>...
        )
        ^
    )
    ^
  File "C:\Users\ThinkPad\AppData\Local\Temp\opencode\pwenv\Lib\site-packages\playwright\_impl\_sync_base.py", line 115, in _sync
    return task.result()
           ~~~~~~~~~~~^^
  File "C:\Users\ThinkPad\AppData\Local\Temp\opencode\pwenv\Lib\site-packages\playwright\_impl\_page.py", line 560, in goto
    return await self._main_frame.goto(**locals_to_params(locals()))
           ^^^^^^^^^^^^^^^^^^^^^^^^^^^^^^^^^^^^^^^^^^^^^^^^^^^^^^^^^
  File "C:\Users\ThinkPad\AppData\Local\Temp\opencode\pwenv\Lib\site-packages\playwright\_impl\_frame.py", line 156, in goto
    await self._channel.send(
        "goto", self._navigation_timeout, locals_to_params(locals())
    )
  File "C:\Users\ThinkPad\AppData\Local\Temp\opencode\pwenv\Lib\site-packages\playwright\_impl\_connection.py", line 76, in send
    return await self._connection.wrap_api_call(
           ^^^^^^^^^^^^^^^^^^^^^^^^^^^^^^^^^^^^^
    ...<3 lines>...
    )
    ^
  File "C:\Users\ThinkPad\AppData\Local\Temp\opencode\pwenv\Lib\site-packages\playwright\_impl\_connection.py", line 632, in wrap_api_call
    raise rewrite_error(error, f"{parsed_st['apiName']}: {error}") from None
playwright._impl._errors.TimeoutError: Page.goto: Timeout 30000ms exceeded.
Call log:
  - navigating to "http://127.0.0.1:5198/", waiting until "load"

